
> temp_app@0.1.0 build
> next build

Ôû▓ Next.js 16.1.6 (Turbopack)
- Environments: .env.local

  Creating an optimized production build ...
node.exe : 
At line:1 char:1
+ & "C:\Program Files\
nodejs/node.exe" 
"C:\Program 
Files\nodejs/node_mo 
...
+ ~~~~~~~~~~~~~~~~~~~~
~~~~~~~~~~~~~~~~~~~~~~
~~~~~~~~~~~~~~~~~~~~~~
~~~~~
    + CategoryInfo    
          : NotSpeci  
  fied: (:String) [   
 ], RemoteExceptio    
n
    + FullyQualifiedE 
   rrorId : NativeCo  
  mmandError
 
> Build error occurred
Error: Turbopack 
build failed with 1 
errors:
./src/app/api/analyze-
contract/route.ts:3:1
Export default 
doesn't exist in 
target module
[0m [90m 1 |[39m 
[36mimport[39m { [3
3mNextRequest[39m[33
m,[39m [33mNextRespo
nse[39m } 
[36mfrom[39m [32m"n
ext/server"[39m[33m;
[39m
 [90m 2 |[39m 
[90m// 
@ts-expect-error - 
pdf-parse lacks 
proper type 
definitions[39m
[31m[1m>[22m[39m[
90m 3 |[39m 
[36mimport[39m 
pdfParse 
[36mfrom[39m [32m"p
df-parse"[39m[33m;[
39m
 [90m   |[39m [31m
[1m^[22m[39m[31m[1
m^[22m[39m[31m[1m^
[22m[39m[31m[1m^[
22m[39m[31m[1m^[22
m[39m[31m[1m^[22m
[39m[31m[1m^[22m[3
9m[31m[1m^[22m[39m
[31m[1m^[22m[39m[
31m[1m^[22m[39m[31
m[1m^[22m[39m[31m
[1m^[22m[39m[31m[1
m^[22m[39m[31m[1m^
[22m[39m[31m[1m^[
22m[39m[31m[1m^[22
m[39m[31m[1m^[22m
[39m[31m[1m^[22m[3
9m[31m[1m^[22m[39m
[31m[1m^[22m[39m[
31m[1m^[22m[39m[31
m[1m^[22m[39m[31m
[1m^[22m[39m[31m[1
m^[22m[39m[31m[1m^
[22m[39m[31m[1m^[
22m[39m[31m[1m^[22
m[39m[31m[1m^[22m
[39m[31m[1m^[22m[3
9m[31m[1m^[22m[39m
[31m[1m^[22m[39m[
31m[1m^[22m[39m[31
m[1m^[22m[39m
 [90m 4 |[39m
 [90m 5 |[39m 
[90m// Configure 
Edge runtime or Node 
runtime. pdf-parse 
requires Node.js 
environment.[39m
 [90m 6 |[39m 
[36mexport[39m 
[36mconst[39m 
maxDuration 
[33m=[39m [35m60[3
9m[33m;[39m [90m// 
Allow more time for 
LLM 
processing[39m[0m

The export default 
was not found in 
module [project]/node_
modules/pdf-parse/dist
/pdf-parse/esm/index.j
s [app-route] 
(ecmascript).
Did you mean to 
import Rectangle?
All exports of the 
module are statically 
known (It doesn't 
have dynamic 
exports). So it's 
known statically that 
the requested export 
doesn't exist.


    at <unknown> (./sr
c/app/api/analyze-cont
ract/route.ts:3:1)
